// Jest Snapshot v1, https://goo.gl/fbAQLP

exports[`Home page matches snapshot 1`] = `
<DocumentFragment>
  <time
    datetime="2021-01-01 "
  >
    January 1, 2021
  </time>
</DocumentFragment>
`;
